
Memory Configuration

Name             Origin             Length             Attributes
Mem              0x00000000         0x04000000         xrw
*default*        0x00000000         0xffffffff

Linker script and memory map

                0x00010000                . = 0x10000

.startup        0x00010000       0x10
 startup.o(.text)
 .text          0x00010000       0x10 startup.o
                0x00010000                reset

.text           0x00010010       0x74
 *(.text)
 .text          0x00010010       0x1c app.o
                0x00010010                main
 .text          0x0001002c       0x58 uart.o
                0x0001002c                UART_SendString

.glue_7         0x00010084        0x0
 .glue_7        0x00010084        0x0 linker stubs

.glue_7t        0x00010084        0x0
 .glue_7t       0x00010084        0x0 linker stubs

.vfp11_veneer   0x00010084        0x0
 .vfp11_veneer  0x00010084        0x0 linker stubs

.v4_bx          0x00010084        0x0
 .v4_bx         0x00010084        0x0 linker stubs

.iplt           0x00010084        0x0
 .iplt          0x00010084        0x0 startup.o

.rel.dyn        0x00010084        0x0
 .rel.iplt      0x00010084        0x0 startup.o

.data           0x00010084       0x64
 *(.data)
 .data          0x00010084        0x0 startup.o
 .data          0x00010084       0x64 app.o
                0x00010084                str
 .data          0x000100e8        0x0 uart.o

.igot.plt       0x000100e8        0x0
 .igot.plt      0x000100e8        0x0 startup.o

.bss            0x000100e8        0x0
 *(.bss)
 .bss           0x000100e8        0x0 startup.o
 .bss           0x000100e8        0x0 app.o
 .bss           0x000100e8        0x0 uart.o
                0x000110e8                . = (. + 0x1000)
                0x000110e8                stack_top = .
LOAD app.o
LOAD uart.o
LOAD startup.o
OUTPUT(project_lab.elf elf32-littlearm)
LOAD linker stubs

.ARM.attributes
                0x00000000       0x2e
 .ARM.attributes
                0x00000000       0x22 startup.o
 .ARM.attributes
                0x00000022       0x2c app.o
 .ARM.attributes
                0x0000004e       0x2c uart.o

.comment        0x00000000       0x49
 .comment       0x00000000       0x49 app.o
                                 0x4a (size before relaxing)
 .comment       0x00000049       0x4a uart.o

.debug_line     0x00000000       0xc3
 .debug_line    0x00000000       0x3a startup.o
 .debug_line    0x0000003a       0x3b app.o
 .debug_line    0x00000075       0x4e uart.o

.debug_info     0x00000000       0xe7
 .debug_info    0x00000000       0x26 startup.o
 .debug_info    0x00000026       0x68 app.o
 .debug_info    0x0000008e       0x59 uart.o

.debug_abbrev   0x00000000       0xc7
 .debug_abbrev  0x00000000       0x14 startup.o
 .debug_abbrev  0x00000014       0x5e app.o
 .debug_abbrev  0x00000072       0x55 uart.o

.debug_aranges  0x00000000       0x60
 .debug_aranges
                0x00000000       0x20 startup.o
 .debug_aranges
                0x00000020       0x20 app.o
 .debug_aranges
                0x00000040       0x20 uart.o

.debug_str      0x00000000      0x119
 .debug_str     0x00000000       0x73 startup.o
 .debug_str     0x00000073       0x83 app.o
                                 0xde (size before relaxing)
 .debug_str     0x000000f6       0x23 uart.o
                                 0xe9 (size before relaxing)

.debug_frame    0x00000000       0x5c
 .debug_frame   0x00000000       0x2c app.o
 .debug_frame   0x0000002c       0x30 uart.o
