
Memory Configuration

Name             Origin             Length             Attributes
FLASH            0x08000000         0x00020000         xr
SRAM             0x20000000         0x00005000         xrw
*default*        0x00000000         0xffffffff

Linker script and memory map


.text           0x08000000      0x124
 *(.vectors*)
 .vectors       0x08000000       0x1c startup.o
                0x08000000                vectors
 *(.text*)
 .text          0x0800001c       0x7c main.o
                0x0800001c                main
 .text          0x08000098       0x8c startup.o
                0x08000098                NMI_handler
                0x08000098                Bus_fault_handler
                0x08000098                Usage_fault_handler
                0x08000098                MM_fault_handler
                0x08000098                H_fault_handler
                0x08000098                Default_handler
                0x080000a4                reset_handler
 *(.rodata)
                0x08000124                _E_text = .

.glue_7         0x08000124        0x0
 .glue_7        0x08000124        0x0 linker stubs

.glue_7t        0x08000124        0x0
 .glue_7t       0x08000124        0x0 linker stubs

.vfp11_veneer   0x08000124        0x0
 .vfp11_veneer  0x08000124        0x0 linker stubs

.v4_bx          0x08000124        0x0
 .v4_bx         0x08000124        0x0 linker stubs

.iplt           0x08000124        0x0
 .iplt          0x08000124        0x0 startup.o

.rel.dyn        0x08000124        0x0
 .rel.iplt      0x08000124        0x0 startup.o

.data           0x20000000        0x7 load address 0x08000124
                0x20000000                _S_data = .
 *(.data)
 .data          0x20000000        0x7 main.o
                0x20000000                g_var
 .data          0x20000007        0x0 startup.o
                0x20000007                _E_data = .

.igot.plt       0x20000008        0x0 load address 0x0800012b
 .igot.plt      0x20000008        0x0 startup.o

.bss            0x20000008      0x3ec load address 0x0800012b
                0x20000008                _S_bss = .
 *(.bss)
 .bss           0x20000008        0x3 main.o
                0x20000008                bss_var
 .bss           0x2000000b        0x0 startup.o
                0x2000000b                _E_bss = .
                0x200003f3                . = (. + 0x3e8)
 *fill*         0x2000000b      0x3e8 
                0x200003f4                . = ALIGN (0x4)
 *fill*         0x200003f3        0x1 
                0x200003f4                STACK_TOP = .
LOAD main.o
LOAD startup.o
OUTPUT(toggle_led_lab.elf elf32-littlearm)
LOAD linker stubs

.debug_info     0x00000000      0x2aa
 .debug_info    0x00000000      0x134 main.o
 .debug_info    0x00000134      0x176 startup.o

.debug_abbrev   0x00000000      0x166
 .debug_abbrev  0x00000000       0x9f main.o
 .debug_abbrev  0x0000009f       0xc7 startup.o

.debug_loc      0x00000000       0xb4
 .debug_loc     0x00000000       0x38 main.o
 .debug_loc     0x00000038       0x7c startup.o

.debug_aranges  0x00000000       0x40
 .debug_aranges
                0x00000000       0x20 main.o
 .debug_aranges
                0x00000020       0x20 startup.o

.debug_line     0x00000000      0x14b
 .debug_line    0x00000000       0x84 main.o
 .debug_line    0x00000084       0xc7 startup.o

.debug_str      0x00000000      0x1cf
 .debug_str     0x00000000      0x15d main.o
                                0x19d (size before relaxing)
 .debug_str     0x0000015d       0x72 startup.o
                                0x1ee (size before relaxing)

.comment        0x00000000       0x49
 .comment       0x00000000       0x49 main.o
                                 0x4a (size before relaxing)
 .comment       0x00000049       0x4a startup.o

.ARM.attributes
                0x00000000       0x2d
 .ARM.attributes
                0x00000000       0x2d main.o
 .ARM.attributes
                0x0000002d       0x2d startup.o

.debug_frame    0x00000000       0x7c
 .debug_frame   0x00000000       0x2c main.o
 .debug_frame   0x0000002c       0x50 startup.o
